[13:36:51] Auditing /fr/products -> fr-products-mobile.json
[13:37:32] DONE /fr/products
[13:37:33] Auditing /fr/products/sms-a2p -> fr-products-sms-a2p-mobile.json
[13:38:11] DONE /fr/products/sms-a2p
[13:38:11] Auditing /fr/developers -> fr-developers-mobile.json
[13:38:30] DONE /fr/developers
[13:38:30] Auditing /fr/solutions -> fr-solutions-mobile.json
[13:39:07] DONE /fr/solutions
[13:39:07] Auditing /fr/coverage -> fr-coverage-mobile.json
[13:39:44] DONE /fr/coverage
[13:39:45] Auditing /fr/pricing -> fr-pricing-mobile.json
[13:40:25] DONE /fr/pricing
[13:40:25] Auditing /fr/company -> fr-company-mobile.json
[13:40:43] DONE /fr/company
[13:40:43] Auditing /fr/contact -> fr-contact-mobile.json
[13:41:03] DONE /fr/contact
[13:41:03] ALL DONE
page,perf,a11y,bp,seo
fr,55,90,100,58
fr/products,55,93,96,58
fr/products/sms-a2p,55,93,96,58
fr/developers,55,93,100,58
fr/solutions,55,93,96,58
fr/coverage,55,88,96,58
fr/pricing,55,88,100,58
fr/company,55,93,100,58
fr/contact,55,93,100,58
