[13:48:37] Auditing /fr/products -> fr-products-mobile.json
[13:48:58] DONE /fr/products
[13:48:58] Auditing /fr/products/sms-a2p -> fr-products-sms-a2p-mobile.json
[13:49:17] DONE /fr/products/sms-a2p
[13:49:17] Auditing /fr/developers -> fr-developers-mobile.json
[13:49:35] DONE /fr/developers
[13:49:35] Auditing /fr/solutions -> fr-solutions-mobile.json
[13:50:14] DONE /fr/solutions
[13:50:14] Auditing /fr/coverage -> fr-coverage-mobile.json
[13:50:32] DONE /fr/coverage
[13:50:32] Auditing /fr/pricing -> fr-pricing-mobile.json
[13:51:09] DONE /fr/pricing
[13:51:09] Auditing /fr/company -> fr-company-mobile.json
[13:51:29] DONE /fr/company
[13:51:29] Auditing /fr/contact -> fr-contact-mobile.json
[13:52:07] DONE /fr/contact
[13:52:07] ALL DONE
page,perf,a11y,bp,seo
fr,55,90,100,58
fr/products,55,100,100,66
fr/products/sms-a2p,55,100,100,66
fr/developers,55,100,100,66
fr/solutions,55,100,100,66
fr/coverage,55,95,100,66
fr/pricing,55,95,96,66
fr/company,55,100,100,66
fr/contact,55,100,96,66
