[15:25:54] Auditing /fr/products -> fr-products-mobile.json
[15:26:15] DONE /fr/products
[15:26:15] Auditing /fr/products/sms-a2p -> fr-products-sms-a2p-mobile.json
[15:26:36] DONE /fr/products/sms-a2p
[15:26:36] Auditing /fr/developers -> fr-developers-mobile.json
[15:26:58] DONE /fr/developers
[15:26:58] Auditing /fr/solutions -> fr-solutions-mobile.json
[15:27:37] DONE /fr/solutions
[15:27:37] Auditing /fr/coverage -> fr-coverage-mobile.json
[15:27:57] DONE /fr/coverage
[15:27:57] Auditing /fr/pricing -> fr-pricing-mobile.json
[15:28:16] DONE /fr/pricing
[15:28:16] Auditing /fr/company -> fr-company-mobile.json
[15:28:56] DONE /fr/company
[15:28:56] Auditing /fr/contact -> fr-contact-mobile.json
[15:29:13] DONE /fr/contact
[15:29:13] ALL DONE
page,perf,a11y,bp,seo
fr,55,100,100,66
fr/products,55,100,100,66
fr/products/sms-a2p,55,100,100,66
fr/developers,55,100,100,66
fr/solutions,55,100,96,66
fr/coverage,55,100,100,66
fr/pricing,55,100,100,66
fr/company,55,100,96,66
fr/contact,55,100,100,66
